---
source: tests/process_group_test.rs
expression: normalize_for_snapshot(&summary)
---
      ✓ Yes
[3/3] ✓ run-analysis ([TIME])

[████████████████] 3/3 steps · [TIME] elapsed

┌─ Summary ──────────────────────────
│ ✓ install-tools        [TIME]
│ ✓ verify-repo          [TIME]
│ ✓ run-analysis         [TIME]
├────────────────────────────────────
│ Total: [TIME] · 3 run · 0 skipped
└────────────────────────────────────
Run `bivvy status` to verify setup health.
