---
source: tests/process_group_test.rs
expression: normalize_for_snapshot(&summary)
---
⛺ ProcessGroupTest v1.9.0 · default workflow · 3 steps · env: development


┌─ Summary ──────────────────────────
│ ✓ check-toolchain      [TIME]
│ ✓ check-git            [TIME]
│ ✓ check-cargo          [TIME]
├────────────────────────────────────
│ Total: [TIME] · 3 run · 0 skipped
└────────────────────────────────────
Run `bivvy status` to verify setup health.
