---
source: tests/process_group_test.rs
expression: normalize_for_snapshot(&summary)
---
⛺ CompletedCheckTest v1.9.0 · default workflow · 3 steps · env: development


┌─ Summary ──────────────────────────
│ ✓ install-tools        [TIME]
│ ✓ verify-repo          Check passed (✓ git rev-parse --git-dir succeeded)
│ ✓ run-analysis         [TIME]
├────────────────────────────────────
│ Total: [TIME] · 3 run · 0 skipped · 1 already satisfied
└────────────────────────────────────
Run `bivvy status` to verify setup health.
