
---
source: tests/process_group_test.rs
expression: normalize_for_snapshot(&summary)
---
  › Abort

┌─ Summary ──────────────────────────
│ ✓ will-succeed         [TIME]
│ ✗ will-fail            [TIME]
├────────────────────────────────────
│ Total: [TIME] · 2 run · 0 skipped
└────────────────────────────────────
Workflow aborted by user. Re-run to resume.
