---
source: tests/run_rendering_tests.rs
expression: transcript
---

⛺ Multiline Bug v1.9.0 · default workflow · 5 steps · env: development
[1/5] rustc_version — rustc version

      ✓ Completed (<dur>)

[2/5] multi_step — Multi-line invocation

      ✓ Completed (<dur>)

[3/5] cargo_metadata — cargo --version

      ✓ Completed (<dur>)

[4/5] git_status — git status

      ✓ Completed (<dur>)

[5/5] rustc_check — rustc --version

      ✓ Completed (<dur>)

┌─ Summary ──────────────────────────
│ ✓ rustc_version        <dur>
│ ✓ multi_step           <dur>
│ ✓ cargo_metadata       <dur>
│ ✓ git_status           <dur>
│ ✓ rustc_check          <dur>
├────────────────────────────────────
│ Total: <dur> · 5 run · 0 skipped
└────────────────────────────────────
Run `bivvy status` to verify setup health.
