---
source: tests/run_rendering_tests.rs
expression: transcript
---

⛺ Prompt Residue v<version> · default workflow · 3 steps · env: development
[1/3] rustc_version — rustc version
      ✓ Completed (<dur>)

[2/3] git_confirm — git version
      git version?
      ✓ Yes
      ✓ Completed (<dur>)

[3/3] cargo_version — cargo version
      ✓ Completed (<dur>)

┌─ Summary ──────────────────────────
│ ✓ rustc_version        <dur>
│ ✓ git_confirm          <dur>
│ ✓ cargo_version        <dur>
├────────────────────────────────────
│ Total: <dur> · 3 run · 0 skipped
└────────────────────────────────────
Run `bivvy status` to verify setup health.
