---
source: tests/system_config_tests.rs
expression: body
---
app_name: SecretConfig
settings:
  defaults:
    output: verbose
  auto_update: true
steps:
  deploy:
    command: git --version
    env:
      DB_PASSWORD: hunter2
      API_KEY: secret-key-123
workflows:
  default:
    steps:
    - deploy
